Rc files read (in order):
  NONE
Latexmk: This is Latexmk, John Collins, 9 March 2026. Version 4.88.
No existing .aux file, so I'll make a simple one, and require run of *latex.
Latexmk: applying rule 'pdflatex'...
Rule 'pdflatex':  Reasons for rerun
Category 'other':
  Rerun of 'pdflatex' forced or previously required:
    Reason or flag: 'Initial setup'

------------
Run number 1 of rule 'pdflatex'
------------
------------
Running 'pdflatex  -interaction=nonstopmode -halt-on-error -recorder  "main.tex"'
------------
This is pdfTeX, Version 3.141592653-2.6-1.40.29 (TeX Live 2026) (preloaded format=pdflatex)
 restricted \write18 enabled.
entering extended mode
(./main.tex
LaTeX2e <2025-11-01>
L3 programming layer <2026-01-19>
(/usr/local/texlive/2026/texmf-dist/tex/latex/base/article.cls
Document Class: article 2025/01/22 v1.4n Standard LaTeX document class
(/usr/local/texlive/2026/texmf-dist/tex/latex/base/size10.clo)) (./tmlr.sty
(/usr/local/texlive/2026/texmf-dist/tex/latex/eso-pic/eso-pic.sty
(/usr/local/texlive/2026/texmf-dist/tex/latex/graphics/keyval.sty)
(/usr/local/texlive/2026/texmf-dist/tex/latex/xcolor/xcolor.sty
(/usr/local/texlive/2026/texmf-dist/tex/latex/graphics-cfg/color.cfg)
(/usr/local/texlive/2026/texmf-dist/tex/latex/graphics-def/pdftex.def)
(/usr/local/texlive/2026/texmf-dist/tex/latex/graphics/mathcolor.ltx)))
(./fancyhdr.sty)
(/usr/local/texlive/2026/texmf-dist/tex/latex/natbib/natbib.sty)
(/usr/local/texlive/2026/texmf-dist/tex/latex/base/fontenc.sty)
(/usr/local/texlive/2026/texmf-dist/tex/latex/lm/lmodern.sty))
(/usr/local/texlive/2026/texmf-dist/tex/latex/booktabs/booktabs.sty)
(/usr/local/texlive/2026/texmf-dist/tex/latex/graphics/graphicx.sty
(/usr/local/texlive/2026/texmf-dist/tex/latex/graphics/graphics.sty
(/usr/local/texlive/2026/texmf-dist/tex/latex/graphics/trig.sty)
(/usr/local/texlive/2026/texmf-dist/tex/latex/graphics-cfg/graphics.cfg)))
(/usr/local/texlive/2026/texmf-dist/tex/latex/amsmath/amsmath.sty
For additional information on amsmath, use the `?' option.
(/usr/local/texlive/2026/texmf-dist/tex/latex/amsmath/amstext.sty
(/usr/local/texlive/2026/texmf-dist/tex/latex/amsmath/amsgen.sty))
(/usr/local/texlive/2026/texmf-dist/tex/latex/amsmath/amsbsy.sty)
(/usr/local/texlive/2026/texmf-dist/tex/latex/amsmath/amsopn.sty))
(/usr/local/texlive/2026/texmf-dist/tex/latex/amsfonts/amssymb.sty
(/usr/local/texlive/2026/texmf-dist/tex/latex/amsfonts/amsfonts.sty))
(/usr/local/texlive/2026/texmf-dist/tex/latex/url/url.sty)
(/usr/local/texlive/2026/texmf-dist/tex/latex/lm/t1lmr.fd)
(/usr/local/texlive/2026/texmf-dist/tex/latex/l3backend/l3backend-pdftex.def)
(./main.aux)
(/usr/local/texlive/2026/texmf-dist/tex/context/base/mkii/supp-pdf.mkii
[Loading MPS to PDF converter (version 2006.09.02).]
) (/usr/local/texlive/2026/texmf-dist/tex/latex/epstopdf-pkg/epstopdf-base.sty
(/usr/local/texlive/2026/texmf-dist/tex/latex/latexconfig/epstopdf-sys.cfg))
(/usr/local/texlive/2026/texmf-dist/tex/latex/lm/t1lmss.fd)
(/usr/local/texlive/2026/texmf-dist/tex/latex/lm/t1lmtt.fd)

Package natbib Warning: Citation `hochlehnert2025sober' on page 1 undefined on 
input line 65.


Package natbib Warning: Citation `pape2026silent' on page 1 undefined on input 
line 66.


LaTeX Warning: Reference `sec:future' on page 1 undefined on input line 67.

(/usr/local/texlive/2026/texmf-dist/tex/latex/lm/ts1lmr.fd) [1{/usr/local/texli
ve/2026/texmf-var/fonts/map/pdftex/updmap/pdftex.map}{/usr/local/texlive/2026/t
exmf-dist/fonts/enc/dvips/lm/lm-ec.enc}{/usr/local/texlive/2026/texmf-dist/font
s/enc/dvips/lm/lm-ts1.enc}]

Package natbib Warning: Citation `gao2025modelequality' on page 2 undefined on 
input line 95.


Package natbib Warning: Citation `karvonen2025difr' on page 2 undefined on inpu
t line 103.


Package natbib Warning: Citation `li2026sameservice' on page 2 undefined on inp
ut line 105.


Package natbib Warning: Citation `hochlehnert2025sober' on page 2 undefined on 
input line 111.


Package natbib Warning: Citation `pape2026silent' on page 2 undefined on input 
line 113.


Package natbib Warning: Citation `atil2024nondeterminism' on page 2 undefined o
n input line 124.


Package natbib Warning: Citation `he2025defeating' on page 2 undefined on input
 line 129.


LaTeX Warning: Reference `sec:limitations' on page 2 undefined on input line 13
1.


Package natbib Warning: Citation `ippolito2023reverse' on page 2 undefined on i
nput line 134.

(/usr/local/texlive/2026/texmf-dist/tex/latex/lm/ot1lmr.fd)
(/usr/local/texlive/2026/texmf-dist/tex/latex/lm/omllmm.fd)
(/usr/local/texlive/2026/texmf-dist/tex/latex/lm/omslmsy.fd)
(/usr/local/texlive/2026/texmf-dist/tex/latex/lm/omxlmex.fd)
(/usr/local/texlive/2026/texmf-dist/tex/latex/amsfonts/umsa.fd)
(/usr/local/texlive/2026/texmf-dist/tex/latex/amsfonts/umsb.fd) [2{/usr/local/t
exlive/2026/texmf-dist/fonts/enc/dvips/lm/lm-mathit.enc}{/usr/local/texlive/202
6/texmf-dist/fonts/enc/dvips/lm/lm-rm.enc}]

LaTeX Warning: Reference `tab:gap' on page 3 undefined on input line 236.


Underfull \vbox (badness 2134) has occurred while \output is active [3{/usr/loc
al/texlive/2026/texmf-dist/fonts/enc/dvips/lm/lm-mathsy.enc}]

LaTeX Warning: Reference `tab:undoc' on page 4 undefined on input line 298.

[4] [5]

Package natbib Warning: Citation `he2025defeating' on page 6 undefined on input
 line 409.

[6{/usr/local/texlive/2026/texmf-dist/fonts/enc/dvips/lm/lm-mathex.enc}]
No file main.bbl.

Package natbib Warning: There were undefined citations.

[7] (./main.aux)

LaTeX Warning: There were undefined references.


LaTeX Warning: Label(s) may have changed. Rerun to get cross-references right.

 )
(see the transcript file for additional information)</usr/local/texlive/2026/te
xmf-dist/fonts/type1/public/lm/lmbx10.pfb></usr/local/texlive/2026/texmf-dist/f
onts/type1/public/lm/lmex10.pfb></usr/local/texlive/2026/texmf-dist/fonts/type1
/public/lm/lmmi10.pfb></usr/local/texlive/2026/texmf-dist/fonts/type1/public/lm
/lmr10.pfb></usr/local/texlive/2026/texmf-dist/fonts/type1/public/lm/lmri10.pfb
></usr/local/texlive/2026/texmf-dist/fonts/type1/public/lm/lmssbx10.pfb></usr/l
ocal/texlive/2026/texmf-dist/fonts/type1/public/lm/lmsy10.pfb></usr/local/texli
ve/2026/texmf-dist/fonts/type1/public/lm/lmtk10.pfb></usr/local/texlive/2026/te
xmf-dist/fonts/type1/public/lm/lmtt10.pfb>
Output written on main.pdf (7 pages, 201245 bytes).
Transcript written on main.log.
Latexmk: Getting log file 'main.log'
Latexmk: Examining 'main.fls'
Latexmk: Examining 'main.log'
Latexmk: Missing bbl file 'main.bbl' in following:
 No file main.bbl.
Latexmk: References changed.
Latexmk: Log file says output to 'main.pdf'
Latexmk: Using bibtex to make bibliography file(s).
  ===Source file 'main.bbl' for 'pdflatex'
Create bibtex main
Latexmk: Found bibliography file(s):
  ./refs.bib
Latexmk: applying rule 'bibtex main'...
Rule 'bibtex main':  Reasons for rerun
Category 'other':
  Rerun of 'bibtex main' forced or previously required:
    Reason or flag: 'Initial set up of rule'

------------
Run number 1 of rule 'bibtex main'
------------
------------
Running 'bibtex  "main.aux"'
------------
This is BibTeX, Version 0.99e (TeX Live 2026)
The top-level auxiliary file: main.aux
The style file: tmlr.bst
Database file #1: refs.bib
Latexmk: applying rule 'pdflatex'...
Rule 'pdflatex':  Reasons for rerun
Changed files or newly in use/created:
  main.aux
  main.bbl

------------
Run number 2 of rule 'pdflatex'
------------
------------
Running 'pdflatex  -interaction=nonstopmode -halt-on-error -recorder  "main.tex"'
------------
This is pdfTeX, Version 3.141592653-2.6-1.40.29 (TeX Live 2026) (preloaded format=pdflatex)
 restricted \write18 enabled.
entering extended mode
(./main.tex
LaTeX2e <2025-11-01>
L3 programming layer <2026-01-19>
(/usr/local/texlive/2026/texmf-dist/tex/latex/base/article.cls
Document Class: article 2025/01/22 v1.4n Standard LaTeX document class
(/usr/local/texlive/2026/texmf-dist/tex/latex/base/size10.clo)) (./tmlr.sty
(/usr/local/texlive/2026/texmf-dist/tex/latex/eso-pic/eso-pic.sty
(/usr/local/texlive/2026/texmf-dist/tex/latex/graphics/keyval.sty)
(/usr/local/texlive/2026/texmf-dist/tex/latex/xcolor/xcolor.sty
(/usr/local/texlive/2026/texmf-dist/tex/latex/graphics-cfg/color.cfg)
(/usr/local/texlive/2026/texmf-dist/tex/latex/graphics-def/pdftex.def)
(/usr/local/texlive/2026/texmf-dist/tex/latex/graphics/mathcolor.ltx)))
(./fancyhdr.sty)
(/usr/local/texlive/2026/texmf-dist/tex/latex/natbib/natbib.sty)
(/usr/local/texlive/2026/texmf-dist/tex/latex/base/fontenc.sty)
(/usr/local/texlive/2026/texmf-dist/tex/latex/lm/lmodern.sty))
(/usr/local/texlive/2026/texmf-dist/tex/latex/booktabs/booktabs.sty)
(/usr/local/texlive/2026/texmf-dist/tex/latex/graphics/graphicx.sty
(/usr/local/texlive/2026/texmf-dist/tex/latex/graphics/graphics.sty
(/usr/local/texlive/2026/texmf-dist/tex/latex/graphics/trig.sty)
(/usr/local/texlive/2026/texmf-dist/tex/latex/graphics-cfg/graphics.cfg)))
(/usr/local/texlive/2026/texmf-dist/tex/latex/amsmath/amsmath.sty
For additional information on amsmath, use the `?' option.
(/usr/local/texlive/2026/texmf-dist/tex/latex/amsmath/amstext.sty
(/usr/local/texlive/2026/texmf-dist/tex/latex/amsmath/amsgen.sty))
(/usr/local/texlive/2026/texmf-dist/tex/latex/amsmath/amsbsy.sty)
(/usr/local/texlive/2026/texmf-dist/tex/latex/amsmath/amsopn.sty))
(/usr/local/texlive/2026/texmf-dist/tex/latex/amsfonts/amssymb.sty
(/usr/local/texlive/2026/texmf-dist/tex/latex/amsfonts/amsfonts.sty))
(/usr/local/texlive/2026/texmf-dist/tex/latex/url/url.sty)
(/usr/local/texlive/2026/texmf-dist/tex/latex/lm/t1lmr.fd)
(/usr/local/texlive/2026/texmf-dist/tex/latex/l3backend/l3backend-pdftex.def)
(./main.aux)
(/usr/local/texlive/2026/texmf-dist/tex/context/base/mkii/supp-pdf.mkii
[Loading MPS to PDF converter (version 2006.09.02).]
) (/usr/local/texlive/2026/texmf-dist/tex/latex/epstopdf-pkg/epstopdf-base.sty
(/usr/local/texlive/2026/texmf-dist/tex/latex/latexconfig/epstopdf-sys.cfg))
(/usr/local/texlive/2026/texmf-dist/tex/latex/lm/t1lmss.fd)
(/usr/local/texlive/2026/texmf-dist/tex/latex/lm/t1lmtt.fd)

Package natbib Warning: Citation `hochlehnert2025sober' on page 1 undefined on 
input line 65.


Package natbib Warning: Citation `pape2026silent' on page 1 undefined on input 
line 66.

(/usr/local/texlive/2026/texmf-dist/tex/latex/lm/ts1lmr.fd) [1{/usr/local/texli
ve/2026/texmf-var/fonts/map/pdftex/updmap/pdftex.map}{/usr/local/texlive/2026/t
exmf-dist/fonts/enc/dvips/lm/lm-ec.enc}{/usr/local/texlive/2026/texmf-dist/font
s/enc/dvips/lm/lm-ts1.enc}]

Package natbib Warning: Citation `gao2025modelequality' on page 2 undefined on 
input line 95.


Package natbib Warning: Citation `karvonen2025difr' on page 2 undefined on inpu
t line 103.


Package natbib Warning: Citation `li2026sameservice' on page 2 undefined on inp
ut line 105.


Package natbib Warning: Citation `hochlehnert2025sober' on page 2 undefined on 
input line 111.


Package natbib Warning: Citation `pape2026silent' on page 2 undefined on input 
line 113.


Package natbib Warning: Citation `atil2024nondeterminism' on page 2 undefined o
n input line 124.


Package natbib Warning: Citation `he2025defeating' on page 2 undefined on input
 line 129.


Package natbib Warning: Citation `ippolito2023reverse' on page 2 undefined on i
nput line 134.

(/usr/local/texlive/2026/texmf-dist/tex/latex/lm/ot1lmr.fd)
(/usr/local/texlive/2026/texmf-dist/tex/latex/lm/omllmm.fd)
(/usr/local/texlive/2026/texmf-dist/tex/latex/lm/omslmsy.fd)
(/usr/local/texlive/2026/texmf-dist/tex/latex/lm/omxlmex.fd)
(/usr/local/texlive/2026/texmf-dist/tex/latex/amsfonts/umsa.fd)
(/usr/local/texlive/2026/texmf-dist/tex/latex/amsfonts/umsb.fd) [2{/usr/local/t
exlive/2026/texmf-dist/fonts/enc/dvips/lm/lm-mathit.enc}{/usr/local/texlive/202
6/texmf-dist/fonts/enc/dvips/lm/lm-rm.enc}]
Underfull \vbox (badness 2134) has occurred while \output is active [3{/usr/loc
al/texlive/2026/texmf-dist/fonts/enc/dvips/lm/lm-mathsy.enc}] [4] [5]

Package natbib Warning: Citation `he2025defeating' on page 6 undefined on input
 line 409.

[6{/usr/local/texlive/2026/texmf-dist/fonts/enc/dvips/lm/lm-mathex.enc}]
(./main.bbl)

Package natbib Warning: There were undefined citations.

[7] (./main.aux

Package natbib Warning: Citation(s) may have changed.
(natbib)                Rerun to get citations correct.

) )
(see the transcript file for additional information)</usr/local/texlive/2026/te
xmf-dist/fonts/type1/public/lm/lmbx10.pfb></usr/local/texlive/2026/texmf-dist/f
onts/type1/public/lm/lmex10.pfb></usr/local/texlive/2026/texmf-dist/fonts/type1
/public/lm/lmmi10.pfb></usr/local/texlive/2026/texmf-dist/fonts/type1/public/lm
/lmr10.pfb></usr/local/texlive/2026/texmf-dist/fonts/type1/public/lm/lmri10.pfb
></usr/local/texlive/2026/texmf-dist/fonts/type1/public/lm/lmssbx10.pfb></usr/l
ocal/texlive/2026/texmf-dist/fonts/type1/public/lm/lmsy10.pfb></usr/local/texli
ve/2026/texmf-dist/fonts/type1/public/lm/lmtk10.pfb></usr/local/texlive/2026/te
xmf-dist/fonts/type1/public/lm/lmtt10.pfb>
Output written on main.pdf (7 pages, 207880 bytes).
Transcript written on main.log.
Latexmk: Getting log file 'main.log'
Latexmk: Examining 'main.fls'
Latexmk: Examining 'main.log'
Latexmk: Found input bbl file 'main.bbl'
Latexmk: References changed.
Latexmk: Log file says output to 'main.pdf'
Latexmk: Using bibtex to make bibliography file(s).
  ===Source file 'main.bbl' for 'pdflatex'
Latexmk: Found bibliography file(s):
  ./refs.bib
Latexmk: applying rule 'bibtex main'...
Rule 'bibtex main':  Reasons for rerun
Changed files or newly in use/created:
  main.aux

------------
Run number 2 of rule 'bibtex main'
------------
------------
Running 'bibtex  "main.aux"'
------------
This is BibTeX, Version 0.99e (TeX Live 2026)
The top-level auxiliary file: main.aux
The style file: tmlr.bst
Database file #1: refs.bib
Latexmk: applying rule 'pdflatex'...
Rule 'pdflatex':  Reasons for rerun
Changed files or newly in use/created:
  main.aux

------------
Run number 3 of rule 'pdflatex'
------------
------------
Running 'pdflatex  -interaction=nonstopmode -halt-on-error -recorder  "main.tex"'
------------
This is pdfTeX, Version 3.141592653-2.6-1.40.29 (TeX Live 2026) (preloaded format=pdflatex)
 restricted \write18 enabled.
entering extended mode
(./main.tex
LaTeX2e <2025-11-01>
L3 programming layer <2026-01-19>
(/usr/local/texlive/2026/texmf-dist/tex/latex/base/article.cls
Document Class: article 2025/01/22 v1.4n Standard LaTeX document class
(/usr/local/texlive/2026/texmf-dist/tex/latex/base/size10.clo)) (./tmlr.sty
(/usr/local/texlive/2026/texmf-dist/tex/latex/eso-pic/eso-pic.sty
(/usr/local/texlive/2026/texmf-dist/tex/latex/graphics/keyval.sty)
(/usr/local/texlive/2026/texmf-dist/tex/latex/xcolor/xcolor.sty
(/usr/local/texlive/2026/texmf-dist/tex/latex/graphics-cfg/color.cfg)
(/usr/local/texlive/2026/texmf-dist/tex/latex/graphics-def/pdftex.def)
(/usr/local/texlive/2026/texmf-dist/tex/latex/graphics/mathcolor.ltx)))
(./fancyhdr.sty)
(/usr/local/texlive/2026/texmf-dist/tex/latex/natbib/natbib.sty)
(/usr/local/texlive/2026/texmf-dist/tex/latex/base/fontenc.sty)
(/usr/local/texlive/2026/texmf-dist/tex/latex/lm/lmodern.sty))
(/usr/local/texlive/2026/texmf-dist/tex/latex/booktabs/booktabs.sty)
(/usr/local/texlive/2026/texmf-dist/tex/latex/graphics/graphicx.sty
(/usr/local/texlive/2026/texmf-dist/tex/latex/graphics/graphics.sty
(/usr/local/texlive/2026/texmf-dist/tex/latex/graphics/trig.sty)
(/usr/local/texlive/2026/texmf-dist/tex/latex/graphics-cfg/graphics.cfg)))
(/usr/local/texlive/2026/texmf-dist/tex/latex/amsmath/amsmath.sty
For additional information on amsmath, use the `?' option.
(/usr/local/texlive/2026/texmf-dist/tex/latex/amsmath/amstext.sty
(/usr/local/texlive/2026/texmf-dist/tex/latex/amsmath/amsgen.sty))
(/usr/local/texlive/2026/texmf-dist/tex/latex/amsmath/amsbsy.sty)
(/usr/local/texlive/2026/texmf-dist/tex/latex/amsmath/amsopn.sty))
(/usr/local/texlive/2026/texmf-dist/tex/latex/amsfonts/amssymb.sty
(/usr/local/texlive/2026/texmf-dist/tex/latex/amsfonts/amsfonts.sty))
(/usr/local/texlive/2026/texmf-dist/tex/latex/url/url.sty)
(/usr/local/texlive/2026/texmf-dist/tex/latex/lm/t1lmr.fd)
(/usr/local/texlive/2026/texmf-dist/tex/latex/l3backend/l3backend-pdftex.def)
(./main.aux)
(/usr/local/texlive/2026/texmf-dist/tex/context/base/mkii/supp-pdf.mkii
[Loading MPS to PDF converter (version 2006.09.02).]
) (/usr/local/texlive/2026/texmf-dist/tex/latex/epstopdf-pkg/epstopdf-base.sty
(/usr/local/texlive/2026/texmf-dist/tex/latex/latexconfig/epstopdf-sys.cfg))
(/usr/local/texlive/2026/texmf-dist/tex/latex/lm/t1lmss.fd)
(/usr/local/texlive/2026/texmf-dist/tex/latex/lm/t1lmtt.fd)
(/usr/local/texlive/2026/texmf-dist/tex/latex/lm/ts1lmr.fd) [1{/usr/local/texli
ve/2026/texmf-var/fonts/map/pdftex/updmap/pdftex.map}{/usr/local/texlive/2026/t
exmf-dist/fonts/enc/dvips/lm/lm-ec.enc}{/usr/local/texlive/2026/texmf-dist/font
s/enc/dvips/lm/lm-ts1.enc}]
(/usr/local/texlive/2026/texmf-dist/tex/latex/lm/ot1lmr.fd)
(/usr/local/texlive/2026/texmf-dist/tex/latex/lm/omllmm.fd)
(/usr/local/texlive/2026/texmf-dist/tex/latex/lm/omslmsy.fd)
(/usr/local/texlive/2026/texmf-dist/tex/latex/lm/omxlmex.fd)
(/usr/local/texlive/2026/texmf-dist/tex/latex/amsfonts/umsa.fd)
(/usr/local/texlive/2026/texmf-dist/tex/latex/amsfonts/umsb.fd) [2{/usr/local/t
exlive/2026/texmf-dist/fonts/enc/dvips/lm/lm-mathit.enc}{/usr/local/texlive/202
6/texmf-dist/fonts/enc/dvips/lm/lm-rm.enc}] [3{/usr/local/texlive/2026/texmf-di
st/fonts/enc/dvips/lm/lm-mathsy.enc}] [4] [5] [6{/usr/local/texlive/2026/texmf-
dist/fonts/enc/dvips/lm/lm-mathex.enc}] (./main.bbl) [7] (./main.aux) )</usr/lo
cal/texlive/2026/texmf-dist/fonts/type1/public/lm/lmbx10.pfb></usr/local/texliv
e/2026/texmf-dist/fonts/type1/public/lm/lmex10.pfb></usr/local/texlive/2026/tex
mf-dist/fonts/type1/public/lm/lmmi10.pfb></usr/local/texlive/2026/texmf-dist/fo
nts/type1/public/lm/lmr10.pfb></usr/local/texlive/2026/texmf-dist/fonts/type1/p
ublic/lm/lmri10.pfb></usr/local/texlive/2026/texmf-dist/fonts/type1/public/lm/l
mssbx10.pfb></usr/local/texlive/2026/texmf-dist/fonts/type1/public/lm/lmsy10.pf
b></usr/local/texlive/2026/texmf-dist/fonts/type1/public/lm/lmtk10.pfb></usr/lo
cal/texlive/2026/texmf-dist/fonts/type1/public/lm/lmtt10.pfb>
Output written on main.pdf (7 pages, 208505 bytes).
Transcript written on main.log.
Latexmk: Getting log file 'main.log'
Latexmk: Examining 'main.fls'
Latexmk: Examining 'main.log'
Latexmk: Found input bbl file 'main.bbl'
Latexmk: Found input bbl file 'main.bbl'
Latexmk: Log file says output to 'main.pdf'
Latexmk: Using bibtex to make bibliography file(s).
  ===Source file 'main.bbl' for 'pdflatex'
Latexmk: Found bibliography file(s):
  ./refs.bib
Latexmk: All targets (main.pdf) are up-to-date

